\BOOKMARK [1][-]{section.1}{\376\377\000T\000h\000e\000\040\000B\000a\000y\000e\000s\000i\000a\000n\000\040\000f\000r\000a\000m\000e\000w\000o\000r\000k\000:\000\040\000p\000r\000e\000l\000i\000m\000i\000n\000a\000r\000y\000\040\000s\000t\000a\000t\000i\000s\000t\000i\000c\000s\000\040\000c\000o\000n\000c\000e\000p\000t\000s}{}% 1
\BOOKMARK [1][-]{section.2}{\376\377\000G\000a\000u\000s\000s\000i\000a\000n\000\040\000P\000r\000o\000c\000e\000s\000s\000e\000s\000\040\000t\000h\000e\000o\000r\000y}{}% 2
\BOOKMARK [2][-]{subsection.2.1}{\376\377\000B\000a\000s\000i\000c\000\040\000d\000e\000f\000i\000n\000i\000t\000i\000o\000n\000s}{section.2}% 3
\BOOKMARK [2][-]{subsection.2.2}{\376\377\000P\000r\000e\000d\000i\000c\000t\000i\000o\000n\000\040\000w\000i\000t\000h\000\040\000G\000P\000s}{section.2}% 4
\BOOKMARK [2][-]{subsection.2.3}{\376\377\000K\000e\000r\000n\000e\000l\000\040\000f\000u\000n\000c\000t\000i\000o\000n\000s}{section.2}% 5
\BOOKMARK [3][-]{subsubsection.2.3.1}{\376\377\000D\000e\000f\000i\000n\000i\000t\000i\000o\000n\000\040\000a\000n\000d\000\040\000r\000e\000q\000u\000i\000r\000e\000m\000e\000n\000t\000s}{subsection.2.3}% 6
\BOOKMARK [3][-]{subsubsection.2.3.2}{\376\377\000T\000h\000e\000\040\000-\000e\000x\000p\000o\000n\000e\000n\000t\000i\000a\000l\000\040\000k\000e\000r\000n\000e\000l\000\040\000c\000l\000a\000s\000s}{subsection.2.3}% 7
\BOOKMARK [3][-]{subsubsection.2.3.3}{\376\377\000T\000h\000e\000\040\000M\000a\000t\000\351\000r\000n\000\040\000k\000e\000r\000n\000e\000l\000\040\000c\000l\000a\000s\000s}{subsection.2.3}% 8
\BOOKMARK [1][-]{section.3}{\376\377\000B\000a\000y\000e\000s\000i\000a\000n\000\040\000O\000p\000t\000i\000m\000i\000z\000a\000t\000i\000o\000n\000\040\000t\000h\000e\000o\000r\000y}{}% 9
\BOOKMARK [1][-]{section.4}{\376\377\000P\000r\000e\000l\000i\000m\000i\000n\000a\000r\000y\000\040\000s\000t\000u\000d\000y\000\040\000o\000n\000\040\000o\000b\000j\000e\000c\000t\000i\000v\000e\000\040\000f\000u\000n\000c\000t\000i\000o\000n\000\040\000c\000o\000n\000t\000i\000n\000u\000i\000t\000y}{}% 10
\BOOKMARK [2][-]{subsection.4.1}{\376\377\000T\000r\000a\000j\000e\000c\000t\000o\000r\000y\000\040\000c\000o\000n\000t\000i\000n\000u\000i\000t\000y}{section.4}% 11
\BOOKMARK [2][-]{subsection.4.2}{\376\377\000R\000e\000v\000e\000l\000a\000t\000o\000r\000\040\000c\000o\000n\000t\000i\000n\000u\000i\000t\000y}{section.4}% 12
\BOOKMARK [1][-]{section.5}{\376\377\000T\000h\000e\000\040\000f\000i\000e\000l\000d\000\040\000p\000a\000r\000a\000m\000e\000t\000r\000i\000z\000a\000t\000i\000o\000n\000\040\000p\000r\000o\000b\000l\000e\000m}{}% 13
\BOOKMARK [2][-]{subsection.5.1}{\376\377\000T\000h\000e\000\040\000c\000o\000i\000l\000\040\000m\000e\000t\000h\000o\000d}{section.5}% 14
\BOOKMARK [1][-]{section.6}{\376\377\000C\000o\000d\000e\000\040\000i\000m\000p\000l\000e\000m\000e\000n\000t\000a\000t\000i\000o\000n}{}% 15
\BOOKMARK [2][-]{subsection.6.1}{\376\377\000T\000h\000e\000\040\000P\000y\000t\000h\000o\000n\000\040\000o\000p\000t\000i\000m\000i\000z\000e\000r}{section.6}% 16
\BOOKMARK [3][-]{subsubsection.6.1.1}{\376\377\000T\000h\000e\000\040\000S\000o\000b\000o\000l\000\040\000i\000n\000i\000t\000i\000a\000l\000\040\000s\000a\000m\000p\000l\000i\000n\000g\000\040\000m\000e\000t\000h\000o\000d}{subsection.6.1}% 17
\BOOKMARK [3][-]{subsubsection.6.1.2}{\376\377\000T\000h\000e\000\040\000B\000o\000T\000o\000r\000c\000h\000\040\000l\000i\000b\000r\000a\000r\000y\000\040\000f\000u\000n\000c\000t\000i\000o\000n\000s}{subsection.6.1}% 18
\BOOKMARK [2][-]{subsection.6.2}{\376\377\000T\000h\000e\000\040\000C\000+\000+\000\040\000M\000o\000n\000t\000e\000\040\000C\000a\000r\000l\000o\000\040\000s\000i\000m\000u\000l\000a\000t\000i\000o\000n}{section.6}% 19
\BOOKMARK [3][-]{subsubsection.6.2.1}{\376\377\000S\000a\000m\000p\000l\000i\000n\000g\000\040\000f\000r\000o\000m\000\040\000d\000a\000t\000a\000\040\000w\000i\000t\000h\000\040\000M\000C}{subsection.6.2}% 20
\BOOKMARK [3][-]{subsubsection.6.2.2}{\376\377\000T\000h\000e\000\040\000S\000A\000M\000\040\000a\000l\000g\000o\000r\000i\000t\000h\000m}{subsection.6.2}% 21
\BOOKMARK [3][-]{subsubsection.6.2.3}{\376\377\000T\000h\000e\000\040\000B\000o\000r\000i\000s\000\040\000a\000l\000g\000o\000r\000i\000t\000h\000m}{subsection.6.2}% 22
\BOOKMARK [1][-]{section.7}{\376\377\000R\000e\000s\000u\000l\000t\000s\000\040\000a\000n\000d\000\040\000C\000o\000n\000c\000l\000u\000s\000i\000o\000n\000s}{}% 23
\BOOKMARK [1][-]{section.8}{\376\377\000R\000e\000m\000a\000i\000n\000i\000n\000g\000\040\000q\000u\000e\000s\000t\000i\000o\000n\000s}{}% 24
\BOOKMARK [1][-]{section.9}{\376\377\000C\000o\000d\000e\000\040\000w\000o\000r\000k}{}% 25
