Performing C++ SOURCE FILE Test COMPILER_SUPPORT_Wshorten64to32 failed with the following output:
Change Dir: /home/alberto/Documents/Magnetic_Active_Radiation_Shielding/montecarlo_cpp/3rd_party_libraries/build/Main_Build/eigen3/CMakeFiles/CMakeTmp

Run Build Command:"/usr/bin/make" "cmTC_3a8b5/fast"
make[3]: Entering directory '/home/alberto/Documents/Magnetic_Active_Radiation_Shielding/montecarlo_cpp/3rd_party_libraries/build/Main_Build/eigen3/CMakeFiles/CMakeTmp'
/usr/bin/make -f CMakeFiles/cmTC_3a8b5.dir/build.make CMakeFiles/cmTC_3a8b5.dir/build
make[4]: Entering directory '/home/alberto/Documents/Magnetic_Active_Radiation_Shielding/montecarlo_cpp/3rd_party_libraries/build/Main_Build/eigen3/CMakeFiles/CMakeTmp'
Building CXX object CMakeFiles/cmTC_3a8b5.dir/src.cxx.o
/usr/bin/c++    -std=c++03 -pedantic -Wall -Wextra -Wundef -Wcast-align -Wchar-subscripts -Wnon-virtual-dtor -Wunused-local-typedefs -Wpointer-arith -Wwrite-strings -Wformat-security -DCOMPILER_SUPPORT_Wshorten64to32 -Werror   -Wshorten-64-to-32 -o CMakeFiles/cmTC_3a8b5.dir/src.cxx.o -c /home/alberto/Documents/Magnetic_Active_Radiation_Shielding/montecarlo_cpp/3rd_party_libraries/build/Main_Build/eigen3/CMakeFiles/CMakeTmp/src.cxx
c++: error: unrecognized command line option '-Wshorten-64-to-32'
make[4]: *** [CMakeFiles/cmTC_3a8b5.dir/build.make:66: CMakeFiles/cmTC_3a8b5.dir/src.cxx.o] Error 1
make[4]: Leaving directory '/home/alberto/Documents/Magnetic_Active_Radiation_Shielding/montecarlo_cpp/3rd_party_libraries/build/Main_Build/eigen3/CMakeFiles/CMakeTmp'
make[3]: *** [Makefile:121: cmTC_3a8b5/fast] Error 2
make[3]: Leaving directory '/home/alberto/Documents/Magnetic_Active_Radiation_Shielding/montecarlo_cpp/3rd_party_libraries/build/Main_Build/eigen3/CMakeFiles/CMakeTmp'

Source file was:
int main() { return 0; }
Performing C++ SOURCE FILE Test COMPILER_SUPPORT_Wenumconversion failed with the following output:
Change Dir: /home/alberto/Documents/Magnetic_Active_Radiation_Shielding/montecarlo_cpp/3rd_party_libraries/build/Main_Build/eigen3/CMakeFiles/CMakeTmp

Run Build Command:"/usr/bin/make" "cmTC_e1569/fast"
make[3]: Entering directory '/home/alberto/Documents/Magnetic_Active_Radiation_Shielding/montecarlo_cpp/3rd_party_libraries/build/Main_Build/eigen3/CMakeFiles/CMakeTmp'
/usr/bin/make -f CMakeFiles/cmTC_e1569.dir/build.make CMakeFiles/cmTC_e1569.dir/build
make[4]: Entering directory '/home/alberto/Documents/Magnetic_Active_Radiation_Shielding/montecarlo_cpp/3rd_party_libraries/build/Main_Build/eigen3/CMakeFiles/CMakeTmp'
Building CXX object CMakeFiles/cmTC_e1569.dir/src.cxx.o
/usr/bin/c++    -std=c++03 -pedantic -Wall -Wextra -Wundef -Wcast-align -Wchar-subscripts -Wnon-virtual-dtor -Wunused-local-typedefs -Wpointer-arith -Wwrite-strings -Wformat-security -Wlogical-op -DCOMPILER_SUPPORT_Wenumconversion -Werror   -Wenum-conversion -o CMakeFiles/cmTC_e1569.dir/src.cxx.o -c /home/alberto/Documents/Magnetic_Active_Radiation_Shielding/montecarlo_cpp/3rd_party_libraries/build/Main_Build/eigen3/CMakeFiles/CMakeTmp/src.cxx
c++: error: unrecognized command line option '-Wenum-conversion'; did you mean '-Wno-conversion'?
make[4]: *** [CMakeFiles/cmTC_e1569.dir/build.make:66: CMakeFiles/cmTC_e1569.dir/src.cxx.o] Error 1
make[4]: Leaving directory '/home/alberto/Documents/Magnetic_Active_Radiation_Shielding/montecarlo_cpp/3rd_party_libraries/build/Main_Build/eigen3/CMakeFiles/CMakeTmp'
make[3]: *** [Makefile:121: cmTC_e1569/fast] Error 2
make[3]: Leaving directory '/home/alberto/Documents/Magnetic_Active_Radiation_Shielding/montecarlo_cpp/3rd_party_libraries/build/Main_Build/eigen3/CMakeFiles/CMakeTmp'

Source file was:
int main() { return 0; }
Performing C++ SOURCE FILE Test COMPILER_SUPPORT_Wcpp11extensions failed with the following output:
Change Dir: /home/alberto/Documents/Magnetic_Active_Radiation_Shielding/montecarlo_cpp/3rd_party_libraries/build/Main_Build/eigen3/CMakeFiles/CMakeTmp

Run Build Command:"/usr/bin/make" "cmTC_3e825/fast"
make[3]: Entering directory '/home/alberto/Documents/Magnetic_Active_Radiation_Shielding/montecarlo_cpp/3rd_party_libraries/build/Main_Build/eigen3/CMakeFiles/CMakeTmp'
/usr/bin/make -f CMakeFiles/cmTC_3e825.dir/build.make CMakeFiles/cmTC_3e825.dir/build
make[4]: Entering directory '/home/alberto/Documents/Magnetic_Active_Radiation_Shielding/montecarlo_cpp/3rd_party_libraries/build/Main_Build/eigen3/CMakeFiles/CMakeTmp'
Building CXX object CMakeFiles/cmTC_3e825.dir/src.cxx.o
/usr/bin/c++    -std=c++03 -pedantic -Wall -Wextra -Wundef -Wcast-align -Wchar-subscripts -Wnon-virtual-dtor -Wunused-local-typedefs -Wpointer-arith -Wwrite-strings -Wformat-security -Wlogical-op -DCOMPILER_SUPPORT_Wcpp11extensions -Werror   -Wc++11-extensions -o CMakeFiles/cmTC_3e825.dir/src.cxx.o -c /home/alberto/Documents/Magnetic_Active_Radiation_Shielding/montecarlo_cpp/3rd_party_libraries/build/Main_Build/eigen3/CMakeFiles/CMakeTmp/src.cxx
c++: error: unrecognized command line option '-Wc++11-extensions'; did you mean '-fms-extensions'?
make[4]: *** [CMakeFiles/cmTC_3e825.dir/build.make:66: CMakeFiles/cmTC_3e825.dir/src.cxx.o] Error 1
make[4]: Leaving directory '/home/alberto/Documents/Magnetic_Active_Radiation_Shielding/montecarlo_cpp/3rd_party_libraries/build/Main_Build/eigen3/CMakeFiles/CMakeTmp'
make[3]: *** [Makefile:121: cmTC_3e825/fast] Error 2
make[3]: Leaving directory '/home/alberto/Documents/Magnetic_Active_Radiation_Shielding/montecarlo_cpp/3rd_party_libraries/build/Main_Build/eigen3/CMakeFiles/CMakeTmp'

Source file was:
int main() { return 0; }
Performing C++ SOURCE FILE Test COMPILER_SUPPORT_wd981 failed with the following output:
Change Dir: /home/alberto/Documents/Magnetic_Active_Radiation_Shielding/montecarlo_cpp/3rd_party_libraries/build/Main_Build/eigen3/CMakeFiles/CMakeTmp

Run Build Command:"/usr/bin/make" "cmTC_33e9d/fast"
make[3]: Entering directory '/home/alberto/Documents/Magnetic_Active_Radiation_Shielding/montecarlo_cpp/3rd_party_libraries/build/Main_Build/eigen3/CMakeFiles/CMakeTmp'
/usr/bin/make -f CMakeFiles/cmTC_33e9d.dir/build.make CMakeFiles/cmTC_33e9d.dir/build
make[4]: Entering directory '/home/alberto/Documents/Magnetic_Active_Radiation_Shielding/montecarlo_cpp/3rd_party_libraries/build/Main_Build/eigen3/CMakeFiles/CMakeTmp'
Building CXX object CMakeFiles/cmTC_33e9d.dir/src.cxx.o
/usr/bin/c++    -std=c++03 -pedantic -Wall -Wextra -Wundef -Wcast-align -Wchar-subscripts -Wnon-virtual-dtor -Wunused-local-typedefs -Wpointer-arith -Wwrite-strings -Wformat-security -Wlogical-op -Wdouble-promotion -Wshadow -Wno-psabi -Wno-variadic-macros -Wno-long-long -fno-check-new -fno-common -fstrict-aliasing -DCOMPILER_SUPPORT_wd981 -Werror   -wd981 -o CMakeFiles/cmTC_33e9d.dir/src.cxx.o -c /home/alberto/Documents/Magnetic_Active_Radiation_Shielding/montecarlo_cpp/3rd_party_libraries/build/Main_Build/eigen3/CMakeFiles/CMakeTmp/src.cxx
c++: error: unrecognized command line option '-wd981'
make[4]: *** [CMakeFiles/cmTC_33e9d.dir/build.make:66: CMakeFiles/cmTC_33e9d.dir/src.cxx.o] Error 1
make[4]: Leaving directory '/home/alberto/Documents/Magnetic_Active_Radiation_Shielding/montecarlo_cpp/3rd_party_libraries/build/Main_Build/eigen3/CMakeFiles/CMakeTmp'
make[3]: *** [Makefile:121: cmTC_33e9d/fast] Error 2
make[3]: Leaving directory '/home/alberto/Documents/Magnetic_Active_Radiation_Shielding/montecarlo_cpp/3rd_party_libraries/build/Main_Build/eigen3/CMakeFiles/CMakeTmp'

Source file was:
int main() { return 0; }
Performing C++ SOURCE FILE Test COMPILER_SUPPORT_wd2304 failed with the following output:
Change Dir: /home/alberto/Documents/Magnetic_Active_Radiation_Shielding/montecarlo_cpp/3rd_party_libraries/build/Main_Build/eigen3/CMakeFiles/CMakeTmp

Run Build Command:"/usr/bin/make" "cmTC_a5eba/fast"
make[3]: Entering directory '/home/alberto/Documents/Magnetic_Active_Radiation_Shielding/montecarlo_cpp/3rd_party_libraries/build/Main_Build/eigen3/CMakeFiles/CMakeTmp'
/usr/bin/make -f CMakeFiles/cmTC_a5eba.dir/build.make CMakeFiles/cmTC_a5eba.dir/build
make[4]: Entering directory '/home/alberto/Documents/Magnetic_Active_Radiation_Shielding/montecarlo_cpp/3rd_party_libraries/build/Main_Build/eigen3/CMakeFiles/CMakeTmp'
Building CXX object CMakeFiles/cmTC_a5eba.dir/src.cxx.o
/usr/bin/c++    -std=c++03 -pedantic -Wall -Wextra -Wundef -Wcast-align -Wchar-subscripts -Wnon-virtual-dtor -Wunused-local-typedefs -Wpointer-arith -Wwrite-strings -Wformat-security -Wlogical-op -Wdouble-promotion -Wshadow -Wno-psabi -Wno-variadic-macros -Wno-long-long -fno-check-new -fno-common -fstrict-aliasing -DCOMPILER_SUPPORT_wd2304 -Werror   -wd2304 -o CMakeFiles/cmTC_a5eba.dir/src.cxx.o -c /home/alberto/Documents/Magnetic_Active_Radiation_Shielding/montecarlo_cpp/3rd_party_libraries/build/Main_Build/eigen3/CMakeFiles/CMakeTmp/src.cxx
c++: error: unrecognized command line option '-wd2304'
make[4]: *** [CMakeFiles/cmTC_a5eba.dir/build.make:66: CMakeFiles/cmTC_a5eba.dir/src.cxx.o] Error 1
make[4]: Leaving directory '/home/alberto/Documents/Magnetic_Active_Radiation_Shielding/montecarlo_cpp/3rd_party_libraries/build/Main_Build/eigen3/CMakeFiles/CMakeTmp'
make[3]: *** [Makefile:121: cmTC_a5eba/fast] Error 2
make[3]: Leaving directory '/home/alberto/Documents/Magnetic_Active_Radiation_Shielding/montecarlo_cpp/3rd_party_libraries/build/Main_Build/eigen3/CMakeFiles/CMakeTmp'

Source file was:
int main() { return 0; }
Performing C++ SOURCE FILE Test COMPILER_SUPPORT_STRICTANSI failed with the following output:
Change Dir: /home/alberto/Documents/Magnetic_Active_Radiation_Shielding/montecarlo_cpp/3rd_party_libraries/build/Main_Build/eigen3/CMakeFiles/CMakeTmp

Run Build Command:"/usr/bin/make" "cmTC_ce2ec/fast"
make[3]: Entering directory '/home/alberto/Documents/Magnetic_Active_Radiation_Shielding/montecarlo_cpp/3rd_party_libraries/build/Main_Build/eigen3/CMakeFiles/CMakeTmp'
/usr/bin/make -f CMakeFiles/cmTC_ce2ec.dir/build.make CMakeFiles/cmTC_ce2ec.dir/build
make[4]: Entering directory '/home/alberto/Documents/Magnetic_Active_Radiation_Shielding/montecarlo_cpp/3rd_party_libraries/build/Main_Build/eigen3/CMakeFiles/CMakeTmp'
Building CXX object CMakeFiles/cmTC_ce2ec.dir/src.cxx.o
/usr/bin/c++    -std=c++03 -pedantic -Wall -Wextra -Wundef -Wcast-align -Wchar-subscripts -Wnon-virtual-dtor -Wunused-local-typedefs -Wpointer-arith -Wwrite-strings -Wformat-security -Wlogical-op -Wdouble-promotion -Wshadow -Wno-psabi -Wno-variadic-macros -Wno-long-long -fno-check-new -fno-common -fstrict-aliasing -DCOMPILER_SUPPORT_STRICTANSI -Werror   -strict-ansi -o CMakeFiles/cmTC_ce2ec.dir/src.cxx.o -c /home/alberto/Documents/Magnetic_Active_Radiation_Shielding/montecarlo_cpp/3rd_party_libraries/build/Main_Build/eigen3/CMakeFiles/CMakeTmp/src.cxx
c++: error: unrecognized command line option '-strict-ansi'; did you mean '-fstrict-enums'?
make[4]: *** [CMakeFiles/cmTC_ce2ec.dir/build.make:66: CMakeFiles/cmTC_ce2ec.dir/src.cxx.o] Error 1
make[4]: Leaving directory '/home/alberto/Documents/Magnetic_Active_Radiation_Shielding/montecarlo_cpp/3rd_party_libraries/build/Main_Build/eigen3/CMakeFiles/CMakeTmp'
make[3]: *** [Makefile:121: cmTC_ce2ec/fast] Error 2
make[3]: Leaving directory '/home/alberto/Documents/Magnetic_Active_Radiation_Shielding/montecarlo_cpp/3rd_party_libraries/build/Main_Build/eigen3/CMakeFiles/CMakeTmp'

Source file was:
int main() { return 0; }
Performing C++ SOURCE FILE Test COMPILER_SUPPORT_Qunusedarguments failed with the following output:
Change Dir: /home/alberto/Documents/Magnetic_Active_Radiation_Shielding/montecarlo_cpp/3rd_party_libraries/build/Main_Build/eigen3/CMakeFiles/CMakeTmp

Run Build Command:"/usr/bin/make" "cmTC_e7e73/fast"
make[3]: Entering directory '/home/alberto/Documents/Magnetic_Active_Radiation_Shielding/montecarlo_cpp/3rd_party_libraries/build/Main_Build/eigen3/CMakeFiles/CMakeTmp'
/usr/bin/make -f CMakeFiles/cmTC_e7e73.dir/build.make CMakeFiles/cmTC_e7e73.dir/build
make[4]: Entering directory '/home/alberto/Documents/Magnetic_Active_Radiation_Shielding/montecarlo_cpp/3rd_party_libraries/build/Main_Build/eigen3/CMakeFiles/CMakeTmp'
Building CXX object CMakeFiles/cmTC_e7e73.dir/src.cxx.o
/usr/bin/c++    -std=c++03 -pedantic -Wall -Wextra -Wundef -Wcast-align -Wchar-subscripts -Wnon-virtual-dtor -Wunused-local-typedefs -Wpointer-arith -Wwrite-strings -Wformat-security -Wlogical-op -Wdouble-promotion -Wshadow -Wno-psabi -Wno-variadic-macros -Wno-long-long -fno-check-new -fno-common -fstrict-aliasing -DCOMPILER_SUPPORT_Qunusedarguments -Werror   -Qunused-arguments -o CMakeFiles/cmTC_e7e73.dir/src.cxx.o -c /home/alberto/Documents/Magnetic_Active_Radiation_Shielding/montecarlo_cpp/3rd_party_libraries/build/Main_Build/eigen3/CMakeFiles/CMakeTmp/src.cxx
c++: error: unrecognized command line option '-Qunused-arguments'
make[4]: *** [CMakeFiles/cmTC_e7e73.dir/build.make:66: CMakeFiles/cmTC_e7e73.dir/src.cxx.o] Error 1
make[4]: Leaving directory '/home/alberto/Documents/Magnetic_Active_Radiation_Shielding/montecarlo_cpp/3rd_party_libraries/build/Main_Build/eigen3/CMakeFiles/CMakeTmp'
make[3]: *** [Makefile:121: cmTC_e7e73/fast] Error 2
make[3]: Leaving directory '/home/alberto/Documents/Magnetic_Active_Radiation_Shielding/montecarlo_cpp/3rd_party_libraries/build/Main_Build/eigen3/CMakeFiles/CMakeTmp'

Source file was:
int main() { return 0; }
Looking for a Fortran compiler failed with the following output:
-- The Fortran compiler identification is unknown
CMake Error at CMakeLists.txt:2 (project):
  No CMAKE_Fortran_COMPILER could be found.

  Tell CMake where to find the compiler by setting either the environment
  variable "FC" or the CMake cache entry CMAKE_Fortran_COMPILER to the full
  path to the compiler, or to the compiler name if it is in the PATH.


-- Configuring incomplete, errors occurred!
See also "/home/alberto/Documents/Magnetic_Active_Radiation_Shielding/montecarlo_cpp/3rd_party_libraries/build/Main_Build/eigen3/blas/CMakeFiles/CheckFortran/CMakeFiles/CMakeOutput.log".
See also "/home/alberto/Documents/Magnetic_Active_Radiation_Shielding/montecarlo_cpp/3rd_party_libraries/build/Main_Build/eigen3/blas/CMakeFiles/CheckFortran/CMakeFiles/CMakeError.log".

Determining if the Q_WS_WIN exist failed with the following output:
Change Dir: /home/alberto/Documents/Magnetic_Active_Radiation_Shielding/montecarlo_cpp/3rd_party_libraries/build/Main_Build/eigen3/CMakeFiles/CMakeTmp

Run Build Command:"/usr/bin/make" "cmTC_dac72/fast"
make[3]: Entering directory '/home/alberto/Documents/Magnetic_Active_Radiation_Shielding/montecarlo_cpp/3rd_party_libraries/build/Main_Build/eigen3/CMakeFiles/CMakeTmp'
/usr/bin/make -f CMakeFiles/cmTC_dac72.dir/build.make CMakeFiles/cmTC_dac72.dir/build
make[4]: Entering directory '/home/alberto/Documents/Magnetic_Active_Radiation_Shielding/montecarlo_cpp/3rd_party_libraries/build/Main_Build/eigen3/CMakeFiles/CMakeTmp'
Building CXX object CMakeFiles/cmTC_dac72.dir/CheckSymbolExists.cxx.o
/usr/bin/c++   -I/usr/include/qt4  -std=c++03 -pedantic -Wall -Wextra -Wundef -Wcast-align -Wchar-subscripts -Wnon-virtual-dtor -Wunused-local-typedefs -Wpointer-arith -Wwrite-strings -Wformat-security -Wlogical-op -Wdouble-promotion -Wshadow -Wno-psabi -Wno-variadic-macros -Wno-long-long -fno-check-new -fno-common -fstrict-aliasing -ansi    -o CMakeFiles/cmTC_dac72.dir/CheckSymbolExists.cxx.o -c /home/alberto/Documents/Magnetic_Active_Radiation_Shielding/montecarlo_cpp/3rd_party_libraries/build/Main_Build/eigen3/CMakeFiles/CMakeTmp/CheckSymbolExists.cxx
/home/alberto/Documents/Magnetic_Active_Radiation_Shielding/montecarlo_cpp/3rd_party_libraries/build/Main_Build/eigen3/CMakeFiles/CMakeTmp/CheckSymbolExists.cxx: In function ‘int main(int, char**)’:
/home/alberto/Documents/Magnetic_Active_Radiation_Shielding/montecarlo_cpp/3rd_party_libraries/build/Main_Build/eigen3/CMakeFiles/CMakeTmp/CheckSymbolExists.cxx:8:19: error: ‘Q_WS_WIN’ was not declared in this scope
    8 |   return ((int*)(&Q_WS_WIN))[argc];
      |                   ^~~~~~~~
make[4]: *** [CMakeFiles/cmTC_dac72.dir/build.make:66: CMakeFiles/cmTC_dac72.dir/CheckSymbolExists.cxx.o] Error 1
make[4]: Leaving directory '/home/alberto/Documents/Magnetic_Active_Radiation_Shielding/montecarlo_cpp/3rd_party_libraries/build/Main_Build/eigen3/CMakeFiles/CMakeTmp'
make[3]: *** [Makefile:121: cmTC_dac72/fast] Error 2
make[3]: Leaving directory '/home/alberto/Documents/Magnetic_Active_Radiation_Shielding/montecarlo_cpp/3rd_party_libraries/build/Main_Build/eigen3/CMakeFiles/CMakeTmp'

File /home/alberto/Documents/Magnetic_Active_Radiation_Shielding/montecarlo_cpp/3rd_party_libraries/build/Main_Build/eigen3/CMakeFiles/CMakeTmp/CheckSymbolExists.cxx:
/* */
#include <QtCore/qglobal.h>

int main(int argc, char** argv)
{
  (void)argv;
#ifndef Q_WS_WIN
  return ((int*)(&Q_WS_WIN))[argc];
#else
  (void)argc;
  return 0;
#endif
}

Determining if the Q_WS_QWS exist failed with the following output:
Change Dir: /home/alberto/Documents/Magnetic_Active_Radiation_Shielding/montecarlo_cpp/3rd_party_libraries/build/Main_Build/eigen3/CMakeFiles/CMakeTmp

Run Build Command:"/usr/bin/make" "cmTC_a4547/fast"
make[3]: Entering directory '/home/alberto/Documents/Magnetic_Active_Radiation_Shielding/montecarlo_cpp/3rd_party_libraries/build/Main_Build/eigen3/CMakeFiles/CMakeTmp'
/usr/bin/make -f CMakeFiles/cmTC_a4547.dir/build.make CMakeFiles/cmTC_a4547.dir/build
make[4]: Entering directory '/home/alberto/Documents/Magnetic_Active_Radiation_Shielding/montecarlo_cpp/3rd_party_libraries/build/Main_Build/eigen3/CMakeFiles/CMakeTmp'
Building CXX object CMakeFiles/cmTC_a4547.dir/CheckSymbolExists.cxx.o
/usr/bin/c++   -I/usr/include/qt4  -std=c++03 -pedantic -Wall -Wextra -Wundef -Wcast-align -Wchar-subscripts -Wnon-virtual-dtor -Wunused-local-typedefs -Wpointer-arith -Wwrite-strings -Wformat-security -Wlogical-op -Wdouble-promotion -Wshadow -Wno-psabi -Wno-variadic-macros -Wno-long-long -fno-check-new -fno-common -fstrict-aliasing -ansi    -o CMakeFiles/cmTC_a4547.dir/CheckSymbolExists.cxx.o -c /home/alberto/Documents/Magnetic_Active_Radiation_Shielding/montecarlo_cpp/3rd_party_libraries/build/Main_Build/eigen3/CMakeFiles/CMakeTmp/CheckSymbolExists.cxx
/home/alberto/Documents/Magnetic_Active_Radiation_Shielding/montecarlo_cpp/3rd_party_libraries/build/Main_Build/eigen3/CMakeFiles/CMakeTmp/CheckSymbolExists.cxx: In function ‘int main(int, char**)’:
/home/alberto/Documents/Magnetic_Active_Radiation_Shielding/montecarlo_cpp/3rd_party_libraries/build/Main_Build/eigen3/CMakeFiles/CMakeTmp/CheckSymbolExists.cxx:8:19: error: ‘Q_WS_QWS’ was not declared in this scope
    8 |   return ((int*)(&Q_WS_QWS))[argc];
      |                   ^~~~~~~~
make[4]: *** [CMakeFiles/cmTC_a4547.dir/build.make:66: CMakeFiles/cmTC_a4547.dir/CheckSymbolExists.cxx.o] Error 1
make[4]: Leaving directory '/home/alberto/Documents/Magnetic_Active_Radiation_Shielding/montecarlo_cpp/3rd_party_libraries/build/Main_Build/eigen3/CMakeFiles/CMakeTmp'
make[3]: *** [Makefile:121: cmTC_a4547/fast] Error 2
make[3]: Leaving directory '/home/alberto/Documents/Magnetic_Active_Radiation_Shielding/montecarlo_cpp/3rd_party_libraries/build/Main_Build/eigen3/CMakeFiles/CMakeTmp'

File /home/alberto/Documents/Magnetic_Active_Radiation_Shielding/montecarlo_cpp/3rd_party_libraries/build/Main_Build/eigen3/CMakeFiles/CMakeTmp/CheckSymbolExists.cxx:
/* */
#include <QtCore/qglobal.h>

int main(int argc, char** argv)
{
  (void)argv;
#ifndef Q_WS_QWS
  return ((int*)(&Q_WS_QWS))[argc];
#else
  (void)argc;
  return 0;
#endif
}

Determining if the Q_WS_MAC exist failed with the following output:
Change Dir: /home/alberto/Documents/Magnetic_Active_Radiation_Shielding/montecarlo_cpp/3rd_party_libraries/build/Main_Build/eigen3/CMakeFiles/CMakeTmp

Run Build Command:"/usr/bin/make" "cmTC_584bf/fast"
make[3]: Entering directory '/home/alberto/Documents/Magnetic_Active_Radiation_Shielding/montecarlo_cpp/3rd_party_libraries/build/Main_Build/eigen3/CMakeFiles/CMakeTmp'
/usr/bin/make -f CMakeFiles/cmTC_584bf.dir/build.make CMakeFiles/cmTC_584bf.dir/build
make[4]: Entering directory '/home/alberto/Documents/Magnetic_Active_Radiation_Shielding/montecarlo_cpp/3rd_party_libraries/build/Main_Build/eigen3/CMakeFiles/CMakeTmp'
Building CXX object CMakeFiles/cmTC_584bf.dir/CheckSymbolExists.cxx.o
/usr/bin/c++   -I/usr/include/qt4  -std=c++03 -pedantic -Wall -Wextra -Wundef -Wcast-align -Wchar-subscripts -Wnon-virtual-dtor -Wunused-local-typedefs -Wpointer-arith -Wwrite-strings -Wformat-security -Wlogical-op -Wdouble-promotion -Wshadow -Wno-psabi -Wno-variadic-macros -Wno-long-long -fno-check-new -fno-common -fstrict-aliasing -ansi    -o CMakeFiles/cmTC_584bf.dir/CheckSymbolExists.cxx.o -c /home/alberto/Documents/Magnetic_Active_Radiation_Shielding/montecarlo_cpp/3rd_party_libraries/build/Main_Build/eigen3/CMakeFiles/CMakeTmp/CheckSymbolExists.cxx
/home/alberto/Documents/Magnetic_Active_Radiation_Shielding/montecarlo_cpp/3rd_party_libraries/build/Main_Build/eigen3/CMakeFiles/CMakeTmp/CheckSymbolExists.cxx: In function ‘int main(int, char**)’:
/home/alberto/Documents/Magnetic_Active_Radiation_Shielding/montecarlo_cpp/3rd_party_libraries/build/Main_Build/eigen3/CMakeFiles/CMakeTmp/CheckSymbolExists.cxx:8:19: error: ‘Q_WS_MAC’ was not declared in this scope
    8 |   return ((int*)(&Q_WS_MAC))[argc];
      |                   ^~~~~~~~
make[4]: *** [CMakeFiles/cmTC_584bf.dir/build.make:66: CMakeFiles/cmTC_584bf.dir/CheckSymbolExists.cxx.o] Error 1
make[4]: Leaving directory '/home/alberto/Documents/Magnetic_Active_Radiation_Shielding/montecarlo_cpp/3rd_party_libraries/build/Main_Build/eigen3/CMakeFiles/CMakeTmp'
make[3]: *** [Makefile:121: cmTC_584bf/fast] Error 2
make[3]: Leaving directory '/home/alberto/Documents/Magnetic_Active_Radiation_Shielding/montecarlo_cpp/3rd_party_libraries/build/Main_Build/eigen3/CMakeFiles/CMakeTmp'

File /home/alberto/Documents/Magnetic_Active_Radiation_Shielding/montecarlo_cpp/3rd_party_libraries/build/Main_Build/eigen3/CMakeFiles/CMakeTmp/CheckSymbolExists.cxx:
/* */
#include <QtCore/qglobal.h>

int main(int argc, char** argv)
{
  (void)argv;
#ifndef Q_WS_MAC
  return ((int*)(&Q_WS_MAC))[argc];
#else
  (void)argc;
  return 0;
#endif
}

Determining if the pthread_create exist failed with the following output:
Change Dir: /home/alberto/Documents/Magnetic_Active_Radiation_Shielding/montecarlo_cpp/3rd_party_libraries/build/Main_Build/eigen3/CMakeFiles/CMakeTmp

Run Build Command:"/usr/bin/make" "cmTC_388be/fast"
make[3]: Entering directory '/home/alberto/Documents/Magnetic_Active_Radiation_Shielding/montecarlo_cpp/3rd_party_libraries/build/Main_Build/eigen3/CMakeFiles/CMakeTmp'
/usr/bin/make -f CMakeFiles/cmTC_388be.dir/build.make CMakeFiles/cmTC_388be.dir/build
make[4]: Entering directory '/home/alberto/Documents/Magnetic_Active_Radiation_Shielding/montecarlo_cpp/3rd_party_libraries/build/Main_Build/eigen3/CMakeFiles/CMakeTmp'
Building C object CMakeFiles/cmTC_388be.dir/CheckSymbolExists.c.o
/usr/bin/cc    -o CMakeFiles/cmTC_388be.dir/CheckSymbolExists.c.o   -c /home/alberto/Documents/Magnetic_Active_Radiation_Shielding/montecarlo_cpp/3rd_party_libraries/build/Main_Build/eigen3/CMakeFiles/CMakeTmp/CheckSymbolExists.c
Linking C executable cmTC_388be
/usr/bin/cmake -E cmake_link_script CMakeFiles/cmTC_388be.dir/link.txt --verbose=1
/usr/bin/cc      CMakeFiles/cmTC_388be.dir/CheckSymbolExists.c.o  -o cmTC_388be 
/usr/bin/ld: CMakeFiles/cmTC_388be.dir/CheckSymbolExists.c.o: in function `main':
CheckSymbolExists.c:(.text+0x1f): undefined reference to `pthread_create'
collect2: error: ld returned 1 exit status
make[4]: *** [CMakeFiles/cmTC_388be.dir/build.make:87: cmTC_388be] Error 1
make[4]: Leaving directory '/home/alberto/Documents/Magnetic_Active_Radiation_Shielding/montecarlo_cpp/3rd_party_libraries/build/Main_Build/eigen3/CMakeFiles/CMakeTmp'
make[3]: *** [Makefile:121: cmTC_388be/fast] Error 2
make[3]: Leaving directory '/home/alberto/Documents/Magnetic_Active_Radiation_Shielding/montecarlo_cpp/3rd_party_libraries/build/Main_Build/eigen3/CMakeFiles/CMakeTmp'

File /home/alberto/Documents/Magnetic_Active_Radiation_Shielding/montecarlo_cpp/3rd_party_libraries/build/Main_Build/eigen3/CMakeFiles/CMakeTmp/CheckSymbolExists.c:
/* */
#include <pthread.h>

int main(int argc, char** argv)
{
  (void)argv;
#ifndef pthread_create
  return ((int*)(&pthread_create))[argc];
#else
  (void)argc;
  return 0;
#endif
}

Determining if the function pthread_create exists in the pthreads failed with the following output:
Change Dir: /home/alberto/Documents/Magnetic_Active_Radiation_Shielding/montecarlo_cpp/3rd_party_libraries/build/Main_Build/eigen3/CMakeFiles/CMakeTmp

Run Build Command:"/usr/bin/make" "cmTC_6dbe5/fast"
make[3]: Entering directory '/home/alberto/Documents/Magnetic_Active_Radiation_Shielding/montecarlo_cpp/3rd_party_libraries/build/Main_Build/eigen3/CMakeFiles/CMakeTmp'
/usr/bin/make -f CMakeFiles/cmTC_6dbe5.dir/build.make CMakeFiles/cmTC_6dbe5.dir/build
make[4]: Entering directory '/home/alberto/Documents/Magnetic_Active_Radiation_Shielding/montecarlo_cpp/3rd_party_libraries/build/Main_Build/eigen3/CMakeFiles/CMakeTmp'
Building C object CMakeFiles/cmTC_6dbe5.dir/CheckFunctionExists.c.o
/usr/bin/cc   -DCHECK_FUNCTION_EXISTS=pthread_create   -o CMakeFiles/cmTC_6dbe5.dir/CheckFunctionExists.c.o   -c /usr/share/cmake-3.13/Modules/CheckFunctionExists.c
Linking C executable cmTC_6dbe5
/usr/bin/cmake -E cmake_link_script CMakeFiles/cmTC_6dbe5.dir/link.txt --verbose=1
/usr/bin/cc  -DCHECK_FUNCTION_EXISTS=pthread_create    CMakeFiles/cmTC_6dbe5.dir/CheckFunctionExists.c.o  -o cmTC_6dbe5 -lpthreads 
/usr/bin/ld: cannot find -lpthreads
collect2: error: ld returned 1 exit status
make[4]: *** [CMakeFiles/cmTC_6dbe5.dir/build.make:87: cmTC_6dbe5] Error 1
make[4]: Leaving directory '/home/alberto/Documents/Magnetic_Active_Radiation_Shielding/montecarlo_cpp/3rd_party_libraries/build/Main_Build/eigen3/CMakeFiles/CMakeTmp'
make[3]: *** [Makefile:121: cmTC_6dbe5/fast] Error 2
make[3]: Leaving directory '/home/alberto/Documents/Magnetic_Active_Radiation_Shielding/montecarlo_cpp/3rd_party_libraries/build/Main_Build/eigen3/CMakeFiles/CMakeTmp'


